
[2026-09-02 14:30:01] Starting git push
To github.com:aju2005-aj/s7CompilerLab.git
   a956f0f..1246917  main -> main
[2026-09-02 14:30:06] git push completed with status: 0
 
[2026-09-02 15:30:01] Starting git push
To github.com:aju2005-aj/s7CompilerLab.git
   1246917..6a8339a  main -> main
[2026-09-02 15:30:06] git push completed with status: 0
 
[2026-09-03 10:30:01] Starting git push
To github.com:aju2005-aj/s7CompilerLab.git
   6a8339a..5a6192d  main -> main
[2026-09-03 10:30:06] git push completed with status: 0
 
[2026-09-03 11:30:01] Starting git push
To github.com:aju2005-aj/s7CompilerLab.git
   5a6192d..a121a0c  main -> main
[2026-09-03 11:30:04] git push completed with status: 0
 
[2026-09-03 12:30:01] Starting git push
To github.com:aju2005-aj/s7CompilerLab.git
   a121a0c..aee20fa  main -> main
[2026-09-03 12:30:05] git push completed with status: 0
 
[2026-09-07 10:30:01] Starting git push
To github.com:aju2005-aj/s7CompilerLab.git
   aee20fa..9b36706  main -> main
[2026-09-07 10:30:04] git push completed with status: 0
 
[2026-09-07 11:30:01] Starting git push
To github.com:aju2005-aj/s7CompilerLab.git
   9b36706..3a5df93  main -> main
[2026-09-07 11:30:04] git push completed with status: 0
 
[2026-09-07 12:30:01] Starting git push
To github.com:aju2005-aj/s7CompilerLab.git
   3a5df93..66f7a0c  main -> main
[2026-09-07 12:30:05] git push completed with status: 0
 
[2026-09-07 13:30:01] Starting git push
To github.com:aju2005-aj/s7CompilerLab.git
   66f7a0c..f2b9ef0  main -> main
[2026-09-07 13:30:05] git push completed with status: 0
 
[2026-09-08 10:30:01] Starting git push
To github.com:aju2005-aj/s7CompilerLab.git
   f2b9ef0..755d01c  main -> main
[2026-09-08 10:30:04] git push completed with status: 0
 
[2026-09-08 12:30:01] Starting git push
ssh: Could not resolve hostname github.com: Temporary failure in name resolution
fatal: Could not read from remote repository.

Please make sure you have the correct access rights
and the repository exists.
[2026-09-08 12:30:17] git push completed with status: 128
 
[2026-09-09 19:30:01] Starting git push
ssh: Could not resolve hostname github.com: Temporary failure in name resolution
fatal: Could not read from remote repository.

Please make sure you have the correct access rights
and the repository exists.
[2026-09-09 19:30:21] git push completed with status: 128
 
[2026-09-09 14:30:01] Starting git push
To github.com:aju2005-aj/s7CompilerLab.git
   755d01c..bcca418  main -> main
[2026-09-09 14:30:06] git push completed with status: 0
 
[2026-09-09 15:30:01] Starting git push
To github.com:aju2005-aj/s7CompilerLab.git
   bcca418..3d3269b  main -> main
[2026-09-09 15:30:05] git push completed with status: 0
 
[2026-09-10 10:30:01] Starting git push
To github.com:aju2005-aj/s7CompilerLab.git
   3d3269b..fb50a96  main -> main
[2026-09-10 10:30:05] git push completed with status: 0
 
[2026-09-10 11:30:01] Starting git push
ssh: Could not resolve hostname github.com: Temporary failure in name resolution
fatal: Could not read from remote repository.

Please make sure you have the correct access rights
and the repository exists.
[2026-09-10 11:30:11] git push completed with status: 128
 
[2026-09-10 14:30:01] Starting git push
To github.com:aju2005-aj/s7CompilerLab.git
   fb50a96..3669bf2  main -> main
[2026-09-10 14:30:04] git push completed with status: 0
 
[2026-09-10 15:30:01] Starting git push
To github.com:aju2005-aj/s7CompilerLab.git
   3669bf2..24d8a42  main -> main
[2026-09-10 15:30:05] git push completed with status: 0
 
[2026-09-11 10:30:01] Starting git push
To github.com:aju2005-aj/s7CompilerLab.git
   24d8a42..d2ed20e  main -> main
[2026-09-11 10:30:05] git push completed with status: 0
 
[2026-09-11 11:30:02] Starting git push
To github.com:aju2005-aj/s7CompilerLab.git
   d2ed20e..700b115  main -> main
[2026-09-11 11:30:06] git push completed with status: 0
 
[2026-09-11 14:30:01] Starting git push
To github.com:aju2005-aj/s7CompilerLab.git
   700b115..8339ed7  main -> main
[2026-09-11 14:30:05] git push completed with status: 0
 
[2026-09-11 15:30:01] Starting git push
To github.com:aju2005-aj/s7CompilerLab.git
   8339ed7..c6f2ed4  main -> main
[2026-09-11 15:30:06] git push completed with status: 0
 
[2026-09-14 10:30:01] Starting git push
To github.com:aju2005-aj/s7CompilerLab.git
   c6f2ed4..8cfbbaa  main -> main
[2026-09-14 10:30:04] git push completed with status: 0
 
[2026-09-14 11:30:01] Starting git push
To github.com:aju2005-aj/s7CompilerLab.git
   8cfbbaa..bd55632  main -> main
[2026-09-14 11:30:04] git push completed with status: 0
 
[2026-09-14 12:30:01] Starting git push
To github.com:aju2005-aj/s7CompilerLab.git
   bd55632..f9de3ab  main -> main
[2026-09-14 12:30:05] git push completed with status: 0
 
[2026-09-14 13:30:01] Starting git push
To github.com:aju2005-aj/s7CompilerLab.git
   f9de3ab..4a11b74  main -> main
[2026-09-14 13:30:04] git push completed with status: 0
 
[2026-09-14 14:30:01] Starting git push
To github.com:aju2005-aj/s7CompilerLab.git
   4a11b74..a357dbf  main -> main
[2026-09-14 14:30:05] git push completed with status: 0
 
[2026-09-14 15:30:01] Starting git push
To github.com:aju2005-aj/s7CompilerLab.git
   a357dbf..7daaf94  main -> main
[2026-09-14 15:30:05] git push completed with status: 0
 
[2026-09-15 10:30:01] Starting git push
ssh: Could not resolve hostname github.com: Temporary failure in name resolution
fatal: Could not read from remote repository.

Please make sure you have the correct access rights
and the repository exists.
[2026-09-15 10:30:16] git push completed with status: 128
 
[2026-09-15 11:30:01] Starting git push
ssh: Could not resolve hostname github.com: Temporary failure in name resolution
fatal: Could not read from remote repository.

Please make sure you have the correct access rights
and the repository exists.
[2026-09-15 11:30:17] git push completed with status: 128
 
[2026-09-15 12:30:01] Starting git push
ssh: Could not resolve hostname github.com: Temporary failure in name resolution
fatal: Could not read from remote repository.

Please make sure you have the correct access rights
and the repository exists.
[2026-09-15 12:30:14] git push completed with status: 128
 
[2026-09-22 10:30:01] Starting git push
To github.com:aju2005-aj/s7CompilerLab.git
   7daaf94..18faacb  main -> main
[2026-09-22 10:30:05] git push completed with status: 0
 
[2026-09-22 11:30:01] Starting git push
ssh: Could not resolve hostname github.com: Temporary failure in name resolution
fatal: Could not read from remote repository.

Please make sure you have the correct access rights
and the repository exists.
[2026-09-22 11:30:13] git push completed with status: 128
 
[2026-09-23 09:30:01] Starting git push
ssh: Could not resolve hostname github.com: Temporary failure in name resolution
fatal: Could not read from remote repository.

Please make sure you have the correct access rights
and the repository exists.
[2026-09-23 09:30:16] git push completed with status: 128
 
[2026-09-23 10:30:01] Starting git push
ssh: Could not resolve hostname github.com: Temporary failure in name resolution
fatal: Could not read from remote repository.

Please make sure you have the correct access rights
and the repository exists.
[2026-09-23 10:30:14] git push completed with status: 128
 
[2026-09-23 11:30:01] Starting git push
ssh: Could not resolve hostname github.com: Temporary failure in name resolution
fatal: Could not read from remote repository.

Please make sure you have the correct access rights
and the repository exists.
[2026-09-23 11:30:13] git push completed with status: 128
 
[2026-09-23 14:30:01] Starting git push
To github.com:aju2005-aj/s7CompilerLab.git
   18faacb..f3fd413  main -> main
[2026-09-23 14:30:04] git push completed with status: 0
 
[2026-09-23 15:30:01] Starting git push
To github.com:aju2005-aj/s7CompilerLab.git
   f3fd413..af0f506  main -> main
[2026-09-23 15:30:06] git push completed with status: 0
 
[2026-09-24 10:30:01] Starting git push
ssh: Could not resolve hostname github.com: Temporary failure in name resolution
fatal: Could not read from remote repository.

Please make sure you have the correct access rights
and the repository exists.
[2026-09-24 10:30:13] git push completed with status: 128
 
[2026-09-24 11:30:01] Starting git push
ssh: Could not resolve hostname github.com: Temporary failure in name resolution
fatal: Could not read from remote repository.

Please make sure you have the correct access rights
and the repository exists.
[2026-09-24 11:30:17] git push completed with status: 128
 
[2026-09-25 10:30:01] Starting git push
ssh: Could not resolve hostname github.com: Temporary failure in name resolution
fatal: Could not read from remote repository.

Please make sure you have the correct access rights
and the repository exists.
[2026-09-25 10:30:18] git push completed with status: 128
 
[2026-09-25 11:30:01] Starting git push
ssh: Could not resolve hostname github.com: Temporary failure in name resolution
fatal: Could not read from remote repository.

Please make sure you have the correct access rights
and the repository exists.
[2026-09-25 11:30:14] git push completed with status: 128
 
[2026-09-25 14:30:01] Starting git push
ssh: Could not resolve hostname github.com: Temporary failure in name resolution
fatal: Could not read from remote repository.

Please make sure you have the correct access rights
and the repository exists.
[2026-09-25 14:30:20] git push completed with status: 128
 
[2026-09-25 15:30:01] Starting git push
ssh: Could not resolve hostname github.com: Temporary failure in name resolution
fatal: Could not read from remote repository.

Please make sure you have the correct access rights
and the repository exists.
[2026-09-25 15:30:13] git push completed with status: 128
 
[2026-09-28 10:30:01] Starting git push
ssh: Could not resolve hostname github.com: Temporary failure in name resolution
fatal: Could not read from remote repository.

Please make sure you have the correct access rights
and the repository exists.
[2026-09-28 10:30:14] git push completed with status: 128
 
[2026-09-28 11:30:01] Starting git push
To github.com:aju2005-aj/s7CompilerLab.git
   af0f506..f23ea66  main -> main
[2026-09-28 11:30:05] git push completed with status: 0
 
[2026-09-28 12:30:01] Starting git push
To github.com:aju2005-aj/s7CompilerLab.git
   f23ea66..bfc1f30  main -> main
[2026-09-28 12:30:05] git push completed with status: 0
 
[2026-09-28 14:30:01] Starting git push
ssh: Could not resolve hostname github.com: Temporary failure in name resolution
fatal: Could not read from remote repository.

Please make sure you have the correct access rights
and the repository exists.
[2026-09-28 14:30:16] git push completed with status: 128
 
[2026-09-28 15:30:01] Starting git push
ssh: Could not resolve hostname github.com: Temporary failure in name resolution
fatal: Could not read from remote repository.

Please make sure you have the correct access rights
and the repository exists.
[2026-09-28 15:30:21] git push completed with status: 128
 
[2026-09-29 10:30:01] Starting git push
ssh: Could not resolve hostname github.com: Temporary failure in name resolution
fatal: Could not read from remote repository.

Please make sure you have the correct access rights
and the repository exists.
[2026-09-29 10:30:19] git push completed with status: 128
 
[2026-09-29 11:30:01] Starting git push
ssh: Could not resolve hostname github.com: Temporary failure in name resolution
fatal: Could not read from remote repository.

Please make sure you have the correct access rights
and the repository exists.
[2026-09-29 11:30:16] git push completed with status: 128
 
[2026-09-29 12:30:01] Starting git push
To github.com:aju2005-aj/s7CompilerLab.git
   bfc1f30..a54289f  main -> main
[2026-09-29 12:30:05] git push completed with status: 0
 
[2026-09-30 14:30:01] Starting git push
ssh: Could not resolve hostname github.com: Temporary failure in name resolution
fatal: Could not read from remote repository.

Please make sure you have the correct access rights
and the repository exists.
[2026-09-30 14:30:16] git push completed with status: 128
 
[2026-09-30 15:30:01] Starting git push
ssh: Could not resolve hostname github.com: Temporary failure in name resolution
fatal: Could not read from remote repository.

Please make sure you have the correct access rights
and the repository exists.
[2026-09-30 15:30:17] git push completed with status: 128
 
[2026-10-01 10:30:01] Starting git push
ssh: Could not resolve hostname github.com: Temporary failure in name resolution
fatal: Could not read from remote repository.

Please make sure you have the correct access rights
and the repository exists.
[2026-10-01 10:30:14] git push completed with status: 128
 
[2026-10-01 11:30:01] Starting git push
ssh: Could not resolve hostname github.com: Temporary failure in name resolution
fatal: Could not read from remote repository.

Please make sure you have the correct access rights
and the repository exists.
[2026-10-01 11:30:17] git push completed with status: 128
 
[2026-10-01 12:30:01] Starting git push
ssh: Could not resolve hostname github.com: Temporary failure in name resolution
fatal: Could not read from remote repository.

Please make sure you have the correct access rights
and the repository exists.
[2026-10-01 12:30:15] git push completed with status: 128
 
[2026-10-01 13:30:01] Starting git push
To github.com:aju2005-aj/s7CompilerLab.git
   a54289f..1f2932f  main -> main
[2026-10-01 13:30:05] git push completed with status: 0
 
[2026-10-05 10:30:01] Starting git push
To github.com:aju2005-aj/s7CompilerLab.git
   1f2932f..0442b71  main -> main
[2026-10-05 10:30:04] git push completed with status: 0
 
[2026-10-07 14:30:01] Starting git push
To github.com:aju2005-aj/s7CompilerLab.git
   0442b71..190d97d  main -> main
[2026-10-07 14:30:05] git push completed with status: 0
 
[2026-10-07 15:30:01] Starting git push
To github.com:aju2005-aj/s7CompilerLab.git
   190d97d..54a35d1  main -> main
[2026-10-07 15:30:05] git push completed with status: 0
 
[2026-10-08 12:30:01] Starting git push
To github.com:aju2005-aj/s7CompilerLab.git
   54a35d1..dd750db  main -> main
[2026-10-08 12:30:05] git push completed with status: 0
 
[2026-10-08 13:30:01] Starting git push
To github.com:aju2005-aj/s7CompilerLab.git
   dd750db..f5c02a5  main -> main
[2026-10-08 13:30:04] git push completed with status: 0
 
[2026-10-08 14:30:01] Starting git push
To github.com:aju2005-aj/s7CompilerLab.git
   f5c02a5..c647e12  main -> main
[2026-10-08 14:30:05] git push completed with status: 0
 
[2026-10-09 14:30:01] Starting git push
To github.com:aju2005-aj/s7CompilerLab.git
   c647e12..1531fff  main -> main
[2026-10-09 14:30:04] git push completed with status: 0
 
[2026-10-09 14:57:02] Starting git push
To github.com:aju2005-aj/s7CompilerLab.git
   1531fff..a93d165  main -> main
[2026-10-09 14:57:05] git push completed with status: 0
 
[2026-10-09 14:58:01] Starting git push
To github.com:aju2005-aj/s7CompilerLab.git
   a93d165..67dba9c  main -> main
[2026-10-09 14:58:04] git push completed with status: 0
 
[2026-10-09 14:59:01] Starting git push
To github.com:aju2005-aj/s7CompilerLab.git
   67dba9c..b1bd76b  main -> main
[2026-10-09 14:59:04] git push completed with status: 0
 
[2026-10-09 15:00:01] Starting git push
To github.com:aju2005-aj/s7CompilerLab.git
   b1bd76b..a7c53e9  main -> main
[2026-10-09 15:00:04] git push completed with status: 0
 
[2026-10-09 15:01:01] Starting git push
To github.com:aju2005-aj/s7CompilerLab.git
   a7c53e9..6c59d9a  main -> main
[2026-10-09 15:01:05] git push completed with status: 0
 
[2026-10-09 15:02:01] Starting git push
To github.com:aju2005-aj/s7CompilerLab.git
   6c59d9a..d848fb4  main -> main
[2026-10-09 15:02:04] git push completed with status: 0
 
[2026-10-09 15:03:01] Starting git push
To github.com:aju2005-aj/s7CompilerLab.git
   d848fb4..c8cf5cf  main -> main
[2026-10-09 15:03:04] git push completed with status: 0
 
[2026-10-09 15:04:01] Starting git push
To github.com:aju2005-aj/s7CompilerLab.git
   c8cf5cf..5020c6e  main -> main
[2026-10-09 15:04:04] git push completed with status: 0
 
[2026-10-09 15:05:01] Starting git push
To github.com:aju2005-aj/s7CompilerLab.git
   5020c6e..bf9b136  main -> main
[2026-10-09 15:05:04] git push completed with status: 0
 
[2026-10-09 15:06:01] Starting git push
To github.com:aju2005-aj/s7CompilerLab.git
   bf9b136..89c9d8d  main -> main
[2026-10-09 15:06:04] git push completed with status: 0
 
[2026-10-09 15:07:01] Starting git push
To github.com:aju2005-aj/s7CompilerLab.git
   89c9d8d..81c5be4  main -> main
[2026-10-09 15:07:04] git push completed with status: 0
 
[2026-10-09 15:08:01] Starting git push
To github.com:aju2005-aj/s7CompilerLab.git
   81c5be4..f3c22cf  main -> main
[2026-10-09 15:08:04] git push completed with status: 0
 
[2026-10-09 15:09:01] Starting git push
To github.com:aju2005-aj/s7CompilerLab.git
   f3c22cf..303e0af  main -> main
[2026-10-09 15:09:05] git push completed with status: 0
 
[2026-10-09 15:10:01] Starting git push
To github.com:aju2005-aj/s7CompilerLab.git
   303e0af..4a7aac0  main -> main
[2026-10-09 15:10:04] git push completed with status: 0
 
