
[2026-09-02 14:30:01] Starting git commit
[main 1246917] Automated commit on Wed Sep  2 02:30:01 PM IST 2026
 3 files changed, 2 insertions(+), 60 deletions(-)
 delete mode 100644 logs/.git-push.log.swp
[2026-09-02 14:30:01] git commit completed with status: 0
 
[2026-09-02 15:30:01] Starting git commit
[main 6a8339a] Automated commit on Wed Sep  2 03:30:01 PM IST 2026
 3 files changed, 14 insertions(+)
[2026-09-02 15:30:01] git commit completed with status: 0
 
[2026-09-03 10:30:01] Starting git commit
[main 5a6192d] Automated commit on Thu Sep  3 10:30:01 AM IST 2026
 3 files changed, 13 insertions(+)
[2026-09-03 10:30:01] git commit completed with status: 0
 
[2026-09-03 11:30:01] Starting git commit
[main a121a0c] Automated commit on Thu Sep  3 11:30:01 AM IST 2026
 3 files changed, 13 insertions(+)
[2026-09-03 11:30:01] git commit completed with status: 0
 
[2026-09-03 12:30:01] Starting git commit
[main aee20fa] Automated commit on Thu Sep  3 12:30:01 PM IST 2026
 3 files changed, 13 insertions(+)
[2026-09-03 12:30:01] git commit completed with status: 0
 
[2026-09-07 10:30:01] Starting git commit
[main 9b36706] Automated commit on Mon Sep  7 10:30:01 AM IST 2026
 3 files changed, 13 insertions(+)
[2026-09-07 10:30:01] git commit completed with status: 0
 
[2026-09-07 11:30:01] Starting git commit
[main 3a5df93] Automated commit on Mon Sep  7 11:30:01 AM IST 2026
 3 files changed, 13 insertions(+)
[2026-09-07 11:30:01] git commit completed with status: 0
 
[2026-09-07 12:30:01] Starting git commit
[main 66f7a0c] Automated commit on Mon Sep  7 12:30:01 PM IST 2026
 3 files changed, 13 insertions(+)
[2026-09-07 12:30:01] git commit completed with status: 0
 
[2026-09-07 13:30:01] Starting git commit
[main f2b9ef0] Automated commit on Mon Sep  7 01:30:01 PM IST 2026
 3 files changed, 13 insertions(+)
[2026-09-07 13:30:01] git commit completed with status: 0
 
[2026-09-08 10:30:01] Starting git commit
[main 755d01c] Automated commit on Tue Sep  8 10:30:01 AM IST 2026
 3 files changed, 13 insertions(+)
[2026-09-08 10:30:01] git commit completed with status: 0
 
[2026-09-08 12:30:01] Starting git commit
[main 9aaf6fa] Automated commit on Tue Sep  8 12:30:01 PM IST 2026
 3 files changed, 13 insertions(+)
[2026-09-08 12:30:01] git commit completed with status: 0
 
[2026-09-09 19:30:01] Starting git commit
[main 3796c3c] Automated commit on Wed Sep  9 07:30:01 PM IST 2026
 3 files changed, 16 insertions(+)
[2026-09-09 19:30:01] git commit completed with status: 0
 
[2026-09-09 14:30:01] Starting git commit
[main bcca418] Automated commit on Wed Sep  9 02:30:01 PM IST 2026
 3 files changed, 16 insertions(+)
[2026-09-09 14:30:01] git commit completed with status: 0
 
[2026-09-09 15:30:01] Starting git commit
[main 3d3269b] Automated commit on Wed Sep  9 03:30:01 PM IST 2026
 3 files changed, 13 insertions(+)
[2026-09-09 15:30:01] git commit completed with status: 0
 
[2026-09-10 10:30:01] Starting git commit
[main fb50a96] Automated commit on Thu Sep 10 10:30:01 AM IST 2026
 3 files changed, 13 insertions(+)
[2026-09-10 10:30:01] git commit completed with status: 0
 
[2026-09-10 11:30:01] Starting git commit
[main b6bfdc1] Automated commit on Thu Sep 10 11:30:01 AM IST 2026
 3 files changed, 13 insertions(+)
[2026-09-10 11:30:01] git commit completed with status: 0
 
[2026-09-10 14:30:01] Starting git commit
[main 3669bf2] Automated commit on Thu Sep 10 02:30:01 PM IST 2026
 3 files changed, 16 insertions(+)
[2026-09-10 14:30:01] git commit completed with status: 0
 
[2026-09-10 15:30:01] Starting git commit
[main 24d8a42] Automated commit on Thu Sep 10 03:30:01 PM IST 2026
 3 files changed, 13 insertions(+)
[2026-09-10 15:30:01] git commit completed with status: 0
 
[2026-09-11 10:30:01] Starting git commit
[main d2ed20e] Automated commit on Fri Sep 11 10:30:01 AM IST 2026
 3 files changed, 13 insertions(+)
[2026-09-11 10:30:01] git commit completed with status: 0
 
[2026-09-11 11:30:01] Starting git commit
[main 700b115] Automated commit on Fri Sep 11 11:30:01 AM IST 2026
 3 files changed, 13 insertions(+)
[2026-09-11 11:30:02] git commit completed with status: 0
 
[2026-09-11 14:30:01] Starting git commit
[main 8339ed7] Automated commit on Fri Sep 11 02:30:01 PM IST 2026
 3 files changed, 13 insertions(+)
[2026-09-11 14:30:01] git commit completed with status: 0
 
[2026-09-11 15:30:01] Starting git commit
[main c6f2ed4] Automated commit on Fri Sep 11 03:30:01 PM IST 2026
 3 files changed, 13 insertions(+)
[2026-09-11 15:30:01] git commit completed with status: 0
 
[2026-09-14 10:30:01] Starting git commit
[main 8cfbbaa] Automated commit on Mon Sep 14 10:30:01 AM IST 2026
 3 files changed, 13 insertions(+)
[2026-09-14 10:30:01] git commit completed with status: 0
 
[2026-09-14 11:30:01] Starting git commit
[main bd55632] Automated commit on Mon Sep 14 11:30:01 AM IST 2026
 3 files changed, 13 insertions(+)
[2026-09-14 11:30:01] git commit completed with status: 0
 
[2026-09-14 12:30:01] Starting git commit
[main f9de3ab] Automated commit on Mon Sep 14 12:30:01 PM IST 2026
 3 files changed, 13 insertions(+)
[2026-09-14 12:30:01] git commit completed with status: 0
 
[2026-09-14 13:30:01] Starting git commit
[main 4a11b74] Automated commit on Mon Sep 14 01:30:01 PM IST 2026
 3 files changed, 13 insertions(+)
[2026-09-14 13:30:01] git commit completed with status: 0
 
[2026-09-14 14:30:01] Starting git commit
[main a357dbf] Automated commit on Mon Sep 14 02:30:01 PM IST 2026
 3 files changed, 13 insertions(+)
[2026-09-14 14:30:01] git commit completed with status: 0
 
[2026-09-14 15:30:01] Starting git commit
[main 7daaf94] Automated commit on Mon Sep 14 03:30:01 PM IST 2026
 3 files changed, 13 insertions(+)
[2026-09-14 15:30:01] git commit completed with status: 0
 
[2026-09-15 10:30:01] Starting git commit
[main 6d3f605] Automated commit on Tue Sep 15 10:30:01 AM IST 2026
 3 files changed, 13 insertions(+)
[2026-09-15 10:30:01] git commit completed with status: 0
 
[2026-09-15 11:30:01] Starting git commit
[main 94aaa30] Automated commit on Tue Sep 15 11:30:01 AM IST 2026
 3 files changed, 16 insertions(+)
[2026-09-15 11:30:01] git commit completed with status: 0
 
[2026-09-15 12:30:01] Starting git commit
[main 7daf536] Automated commit on Tue Sep 15 12:30:01 PM IST 2026
 3 files changed, 16 insertions(+)
[2026-09-15 12:30:01] git commit completed with status: 0
 
[2026-09-22 10:30:01] Starting git commit
[main 18faacb] Automated commit on Tue Sep 22 10:30:01 AM IST 2026
 3 files changed, 16 insertions(+)
[2026-09-22 10:30:01] git commit completed with status: 0
 
[2026-09-22 11:30:01] Starting git commit
[main 4d48326] Automated commit on Tue Sep 22 11:30:01 AM IST 2026
 3 files changed, 13 insertions(+)
[2026-09-22 11:30:01] git commit completed with status: 0
 
[2026-09-23 09:30:01] Starting git commit
[main dd61d02] Automated commit on Wed Sep 23 09:30:01 AM IST 2026
 3 files changed, 16 insertions(+)
[2026-09-23 09:30:01] git commit completed with status: 0
 
[2026-09-23 10:30:01] Starting git commit
[main f42cb2c] Automated commit on Wed Sep 23 10:30:01 AM IST 2026
 3 files changed, 16 insertions(+)
[2026-09-23 10:30:01] git commit completed with status: 0
 
[2026-09-23 11:30:01] Starting git commit
[main cb03b5a] Automated commit on Wed Sep 23 11:30:01 AM IST 2026
 3 files changed, 16 insertions(+)
[2026-09-23 11:30:01] git commit completed with status: 0
 
[2026-09-23 14:30:01] Starting git commit
[main f3fd413] Automated commit on Wed Sep 23 02:30:01 PM IST 2026
 3 files changed, 16 insertions(+)
[2026-09-23 14:30:01] git commit completed with status: 0
 
[2026-09-23 15:30:01] Starting git commit
[main af0f506] Automated commit on Wed Sep 23 03:30:01 PM IST 2026
 3 files changed, 13 insertions(+)
[2026-09-23 15:30:01] git commit completed with status: 0
 
[2026-09-24 10:30:01] Starting git commit
[main 3c18cd7] Automated commit on Thu Sep 24 10:30:01 AM IST 2026
 3 files changed, 13 insertions(+)
[2026-09-24 10:30:01] git commit completed with status: 0
 
[2026-09-24 11:30:01] Starting git commit
[main 620adf3] Automated commit on Thu Sep 24 11:30:01 AM IST 2026
 3 files changed, 16 insertions(+)
[2026-09-24 11:30:01] git commit completed with status: 0
 
[2026-09-25 10:30:01] Starting git commit
[main 2f670f3] Automated commit on Fri Sep 25 10:30:01 AM IST 2026
 3 files changed, 16 insertions(+)
[2026-09-25 10:30:01] git commit completed with status: 0
 
[2026-09-25 11:30:01] Starting git commit
[main cae4563] Automated commit on Fri Sep 25 11:30:01 AM IST 2026
 3 files changed, 16 insertions(+)
[2026-09-25 11:30:01] git commit completed with status: 0
 
[2026-09-25 14:30:01] Starting git commit
[main bc92220] Automated commit on Fri Sep 25 02:30:01 PM IST 2026
 7 files changed, 95 insertions(+)
 create mode 100755 day7/a.out
 create mode 100644 day7/backend.c
 create mode 100644 day7/codeGen.c
 create mode 100644 day7/inputB.txt
[2026-09-25 14:30:01] git commit completed with status: 0
 
[2026-09-25 15:30:01] Starting git commit
[main 075f6d9] Automated commit on Fri Sep 25 03:30:01 PM IST 2026
 19 files changed, 2117 insertions(+), 1 deletion(-)
 create mode 100644 exp1/lex.l
 create mode 100644 exp1/lex.yy.c
 create mode 100644 exp10/Screenshot from 2026-09-25 14-49-27.png
 rename {day-6 => exp10}/a.out (100%)
 rename {day-6 => exp10}/const.c (100%)
 rename {day7 => exp11}/codeGen.c (100%)
 create mode 100644 exp11/codeGen.png
 rename {day7 => exp12}/a.out (100%)
 rename {day7 => exp12}/backend.c (100%)
 create mode 100644 exp12/backend.png
 rename {day7 => exp12}/inputB.txt (77%)
 create mode 100755 exp13/a.out
 create mode 100644 exp13/eclosure.c
 create mode 100644 exp9/Screenshot from 2026-09-25 14-51-01.png
 rename {day-5 => exp9}/a.out (100%)
 rename {day-5 => exp9}/p.c (100%)
[2026-09-25 15:30:01] git commit completed with status: 0
 
